// Vitest Snapshot v1, https://vitest.dev/guide/snapshot.html

exports[`FruitList component test > displays of fruits 1`] = `
"<div>
  <ol>
    <li>apple</li>
    <li>banana</li>
    <li>orange</li>
  </ol>
  <p> Number of fruits: 3</p>
</div>"
`;
